[dotenv@17.3.1] injecting env (0) from .env -- tip: ΓÜí∩╕Å secrets for agents: https://dotenvx.com/as2
[11ty/eleventy-img] Processing ./src\assets\images\screenshots\ss_github_settings_create_copilot_environment.gif (transform)
[11ty/eleventy-img] Processing ./src\assets\images\screenshots\ss_entra_id_create_app_registration_for_coding_agent.png (transform)
[11ty/eleventy-img] Processing ./src\assets\images\screenshots\ss_entra_id_copy_app_registration_details.png (transform)
[11ty/eleventy-img] Processing ./src\assets\images\screenshots\ss_entra_id_create_github_federated_credential_for_coding_agent.gif (transform)
[11ty/eleventy-img] Processing ./src\assets\images\screenshots\ss_never_give_ai_access_to_production.jpg (transform)
[11ty/eleventy-img] Processing ./src\assets\images\screenshots\ss_github_coding_agent_run_copilot_setup_steps.png (transform)
[11ty/eleventy-img] Processing ./src\assets\images\screenshots\ss_github_copilot_coding_agent_azure_mcp_setup.png (transform)
[11ty/eleventy-img] Processing ./src\assets\images\screenshots\ss_github_coding_agent_create_assign_issue.gif (transform)
[11ty/eleventy-img] Processing ./src\assets\images\screenshots\ss_github_coding_agent_completed_azure_resource_groups.gif (transform)
[11ty/eleventy-img] Processing ./src\assets\images\screenshots\ss_avm_copilot_prompt_file_update_chat_context.png (transform)
[11ty/eleventy-img] Processing ./src\assets\images\screenshots\ss_avm_copilot_prompt_file_update_copilot_extensions.png (transform)
[11ty/eleventy-img] Processing ./src\assets\images\screenshots\ss_avm_copilot_prompt_file_update_enable_prompt_files.png (transform)
[11ty/eleventy-img] Processing ./src\assets\images\screenshots\ss_avm_copilot_prompt_file_update_copilot_enable_tools.png (transform)
[11ty/eleventy-img] Processing ./src/assets/svg/platform/youtube.svg
[11ty/eleventy-img] Processing ./src/assets/svg/platform/youtube.svg
[11ty/eleventy-img] Processing ./src\assets\images\screenshots\ss_foundryvtt_deploy.png (transform)
[11ty/eleventy-img] Processing ./src\assets\images\screenshots\ss-entra-id-enterprise-app-azure-machine-learning.png (transform)
[11ty/eleventy-img] Processing ./src\assets\images\screenshots\ss_azdopipelinecontrols_pipelineyaml.png (transform)
[11ty/eleventy-img] Processing ./src\assets\images\screenshots\ss_azdopipelinecontrols_pipelinetriggers.png (transform)
[11ty/eleventy-img] Processing ./src\assets\images\screenshots\ss_azdopipelinecontrols_branchpolicy.png (transform)
[11ty/eleventy-img] Processing ./src\assets\images\screenshots\ss_azdopipelinecontrols_gitmaliciousbranch.png (transform)
[11ty/eleventy-img] Processing ./src\assets\images\screenshots\ss_azdopipelinecontrols_gitmaliciousbranchruns.png (transform)
[11ty/eleventy-img] Processing ./src\assets\images\screenshots\ss_azdopipelinecontrols_maliciouspipelinelogs.png (transform)
[11ty/eleventy-img] Processing ./src\assets\images\screenshots\ss_azdopipelinecontrols_overridetriggers.png (transform)
[11ty/eleventy-img] Processing ./src\assets\images\screenshots\ss_azdopipelinecontrols_azurekeyvaultsecrets.png (transform)
[11ty/eleventy-img] Processing ./src\assets\images\screenshots\ss_azdopipelinecontrols_azurekeyvaultserviceconnection.png (transform)
[11ty/eleventy-img] Processing ./src\assets\images\screenshots\ss_azdopipelinecontrols_azurekeyvaultserviceconnectionpermissions.png (transform)
[11ty/eleventy-img] Processing ./src\assets\images\screenshots\ss_azdopipelinecontrols_azurekeyvaultserviceconnectionapprovals.png (transform)
[11ty/eleventy-img] Processing ./src\assets\images\screenshots\ss_azdopipelinecontrols_approvalsandchecks.png (transform)
[11ty/eleventy-img] Processing ./src\assets\images\screenshots\ss_azdopipelinecontrols_keyvaultqachecks.png (transform)
[11ty/eleventy-img] Processing ./src\assets\images\screenshots\ss_azdopipelinecontrols_branchcontrol.png (transform)
[11ty/eleventy-img] Processing ./src\assets\images\screenshots\ss_azdopipelinecontrols_keyvaultprodchecks.png (transform)
[11ty/eleventy-img] Processing ./src\assets\images\screenshots\ss_azdopipelinecontrols_keyvaultapproval.png (transform)
[11ty/eleventy-img] Processing ./src\assets\images\screenshots\ss_azdopipelinecontrols_variablegroups.png (transform)
[11ty/eleventy-img] Processing ./src\assets\images\screenshots\ss_azdopipelinecontrols_variablegroupsecrets.png (transform)
[11ty/eleventy-img] Processing ./src\assets\images\screenshots\ss_azdopipelinecontrols_pipelinerequestpermit.png (transform)
[11ty/eleventy-img] Processing ./src\assets\images\screenshots\ss_azdopipelinecontrols_productionserviceconnectionapprovals.png (transform)
[11ty/eleventy-img] Processing ./src\assets\images\screenshots\ss_azdopipelinecontrols_serviceconnectionsecurity.png (transform)
[11ty/eleventy-img] Processing ./src\assets\images\screenshots\ss_azdopipelinecontrols_multiapproval.png (transform)
[11ty/eleventy-img] Processing ./src\assets\images\screenshots\ss_azdopipelinecontrols_environments.png (transform)
[11ty/eleventy-img] Processing ./src\assets\images\screenshots\ss_azdopipelinecontrols_environmentpermissions.png (transform)
[11ty/eleventy-img] Processing ./src\assets\images\screenshots\ss_azdopipelinecontrols_environmentapprovals.png (transform)
[11ty/eleventy-img] Processing ./src\assets\images\screenshots\ss_azdopipelinecontrols_yamlwithvariablesandenvrionment.png (transform)
[11ty/eleventy-img] Processing ./src\assets\images\screenshots\ss_azdopipelinecontrols_environmentdeployments.png (transform)
[11ty/eleventy-img] Processing ./src\assets\images\screenshots\ss_azdopipelinecontrols_successfullyblockedmaliciousbuild.png (transform)
[11ty/eleventy-img] Processing ./src\assets\images\screenshots\ss_azdopipelinecontrols_approverallowed.png (transform)
[11ty/eleventy-img] Processing ./src\assets\images\screenshots\ss_azdopipelinecontrols_approverallowedtoprod.png (transform)
[11ty/eleventy-img] Processing ./src\assets\images\screenshots\ss_azdopipelinecontrols_notifications.png (transform)
[11ty/eleventy-img] Processing ./src\assets\images\screenshots\ss_azure_devops_12_things_1.png (transform)
[11ty/eleventy-img] Processing ./src\assets\images\screenshots\ss_azure_devops_12_things_2.png (transform)
[11ty/eleventy-img] Processing ./src\assets\images\screenshots\ss_azure_devops_12_things_5.png (transform)
[11ty/eleventy-img] Processing ./src\assets\images\screenshots\ss_azure_devops_12_things_4a.png (transform)
[11ty/eleventy-img] Processing ./src\assets\images\screenshots\ss_azure_devops_12_things_3.png (transform)
[11ty/eleventy-img] Processing ./src\assets\images\screenshots\ss_azure_devops_12_things_6.png (transform)
[11ty/eleventy-img] Processing ./src\assets\images\screenshots\ss_azure_devops_12_things_7.png (transform)
[11ty/eleventy-img] Processing ./src\assets\images\screenshots\ss_azure_devops_12_things_9.png (transform)
[11ty/eleventy-img] Processing ./src\assets\images\screenshots\ss_azure_devops_12_things_10.png (transform)
[11ty/eleventy-img] Processing ./src\assets\images\screenshots\ss_azure_devops_12_things_13.png (transform)
[11ty/eleventy-img] Processing ./src\assets\images\screenshots\ss_azure_devops_12_things_12.png (transform)
[11ty/eleventy-img] Processing ./src\assets\images\screenshots\ss_containermonitoring_azurearc.png (transform)
[11ty/eleventy-img] Processing ./src\assets\images\screenshots\ss_containermonitoring_containermonitorsolution.png (transform)
[11ty/eleventy-img] Processing ./src\assets\images\screenshots\ss_containermonitoring_configureperformancecounterfrequency.png (transform)
[11ty/eleventy-img] Processing ./src\assets\images\screenshots\ss_containermonitoring_cloudshelldownloadscriptgenerator.png (transform)
[11ty/eleventy-img] Processing ./src\assets\images\screenshots\ss_containermonitoring_cloudshellgeneratescript.png (transform)
[11ty/eleventy-img] Processing ./src\assets\images\screenshots\ss_containermonitoring_onboardmachinetoarc.gif (transform)
[11ty/eleventy-img] Processing ./src\assets\images\screenshots\ss_containermonitoring_cloudshellonboardedok.png (transform)
[11ty/eleventy-img] Processing ./src\assets\images\screenshots\ss_containermonitoring_azurearconboarded.png (transform)
[11ty/eleventy-img] Processing ./src\assets\images\screenshots\ss_containermonitoring_installingmmaextension.png (transform)
[11ty/eleventy-img] Processing ./src\assets\images\screenshots\ss_containermonitoring_mmaonboarded.png (transform)
[11ty/eleventy-img] Processing ./src\assets\images\screenshots\ss_containermonitoring_loganalyticsheartbeat.png (transform)
[11ty/eleventy-img] Processing ./src\assets\images\screenshots\ss_containermonitoring_customscriptcreating-1.png (transform)
[11ty/eleventy-img] Processing ./src\assets\images\screenshots\ss_containermonitoring_customscriptsucceeded.png (transform)
[11ty/eleventy-img] Processing ./src\assets\images\screenshots\ss_containermonitoring_omsagentrunning.png (transform)
[11ty/eleventy-img] Processing ./src\assets\images\screenshots\ss_containermonitoring_loganalyticsadvancedsettings.png (transform)
[11ty/eleventy-img] Processing ./src\assets\images\screenshots\ss_containermonitoring_loganalyticsconfigperf.png (transform)
[11ty/eleventy-img] Processing ./src\assets\images\screenshots\ss_containermonitoring_loganalyticscontainersolution.png (transform)
[11ty/eleventy-img] Processing ./src\assets\images\screenshots\ss_containermonitoring_containermonitoring.gif (transform)
[11ty/eleventy-img] Processing ./src\assets\images\screenshots\ss_aksaadintegration_createaadgroup.png (transform)
[11ty/eleventy-img] Processing ./src\assets\images\screenshots\ss_aksaadintegration_aadprofile.png (transform)
[11ty/eleventy-img] Processing ./src\assets\images\screenshots\ss_sonarqube_architecture-1.png (transform)
[11ty/eleventy-img] Processing ./src\assets\images\screenshots\ss_sonarqube_sql_server_serverless.png (transform)
[11ty/eleventy-img] Processing ./src\assets\images\screenshots\ss_sonarqube_journey_of_an_azure_professional.png (transform)
[11ty/eleventy-img] Processing ./src\assets\images\screenshots\ss_sonarqube_createproject.gif (transform)
[11ty/eleventy-img] Processing ./src\assets\images\screenshots\ss_sonarqube_initializerepo.gif (transform)
[11ty/eleventy-img] Processing ./src\assets\images\screenshots\ss_sonarqube_createinfrastructurefolder.gif (transform)
[11ty/eleventy-img] Processing ./src\assets\images\screenshots\ss_sonarqube_uploadarmtemplate.gif (transform)
[11ty/eleventy-img] Processing ./src\assets\images\screenshots\ss_sonarqube_uploadpipelinefile.gif (transform)
[11ty/eleventy-img] Processing ./src\assets\images\screenshots\ss_sonarqube_createbuildpipeline.gif (transform)
[11ty/eleventy-img] Processing ./src\assets\images\screenshots\ss_sonarqube_createserviceconnection-1.gif (transform)
[11ty/eleventy-img] Processing ./src\assets\images\screenshots\ss_sonarqube_createvariables.gif (transform)
[11ty/eleventy-img] Processing ./src\assets\images\screenshots\ss_sonarqube_variables.png (transform)
[11ty/eleventy-img] Processing ./src\assets\images\screenshots\ss_sonarqube_runpipeline.gif (transform)
[11ty/eleventy-img] Processing ./src\assets\images\screenshots\ss_sonarqube_resources.png (transform)
[11ty/eleventy-img] Processing ./src\assets\images\screenshots\ss_sonarqube_webapp.png (transform)
[11ty/eleventy-img] Processing ./src\assets\images\screenshots\ss_sonarqube_theapplication.png (transform)
[11ty/eleventy-img] Processing ./src\assets\images\screenshots\ss_sonarqube_yamltrigger.png (transform)
[11ty/eleventy-img] Processing ./src\assets\images\screenshots\ss_sonarqube_yamlstages.png (transform)
[11ty/eleventy-img] Processing ./src\assets\images\screenshots\ss_sonarqube_yamlbuildstage.png (transform)
[11ty/eleventy-img] Processing ./src\assets\images\screenshots\ss_sonarqube_yamlbuildcheckout.png (transform)
[11ty/eleventy-img] Processing ./src\assets\images\screenshots\ss_sonarqube_yamlbuildpublish.png (transform)
[11ty/eleventy-img] Processing ./src\assets\images\screenshots\ss_sonarqube_yamldeploystage.png (transform)
[11ty/eleventy-img] Processing ./src\assets\images\screenshots\ss_sonarqube_environments.png (transform)
[11ty/eleventy-img] Processing ./src\assets\images\screenshots\ss_sonarqube_yamldeploystep.png (transform)
[11ty/eleventy-img] Processing ./src\assets\images\blog\aucklandgab2019-1.jpg (transform)
[11ty/eleventy-img] Processing ./src\assets\images\blog\aucklandgab2019-teamleaderboard.png (transform)
[11ty/eleventy-img] Processing ./src\assets\images\blog\aucklandgab2019-armtemplatesworkshop.png (transform)
[11ty/eleventy-img] Processing ./src\assets\images\screenshots\ss_cosmosdbcors_installmodule.png (transform)
[11ty/eleventy-img] Processing ./src\assets\images\screenshots\ss_cosmosdbcors_azuredevopspowershelltask.png (transform)
[11ty/eleventy-img] Processing ./src\assets\images\screenshots\ss_cosmosdbcors_authenticateaz.png (transform)
[11ty/eleventy-img] Processing ./src\assets\images\screenshots\ss_cosmosdbcors_newcosmosdbaccount.png (transform)
[11ty/eleventy-img] Processing ./src\assets\images\screenshots\ss_cosmosdbcors_cosmosdbinportalwithcors.png (transform)
[11ty/eleventy-img] Processing ./src\assets\images\screenshots\ss_cosmosdbcors_getcosmosdbcors.png (transform)
[11ty/eleventy-img] Processing ./src\assets\images\screenshots\ss_cosmosdbcors_getcosmosdbcorssplit.png (transform)
[11ty/eleventy-img] Processing ./src\assets\images\screenshots\ss_cosmosdbcors_setcosmosdbcors.png (transform)
[11ty/eleventy-img] Processing ./src\assets\images\screenshots\ss_cosmosdbcors_removecosmosdbcors.png (transform)
[11ty/eleventy-img] Processing ./src\assets\images\screenshots\ss_azsk_scanning.png (transform)
[11ty/eleventy-img] Processing ./src\assets\images\screenshots\ss_azsk_invokepester.png (transform)
[11ty/eleventy-img] Processing ./src\assets\images\screenshots\ss_gac_getcontent.png (transform)
[11ty/eleventy-img] Processing ./src\assets\images\screenshots\ss_wacdsc_overview.png (transform)
[11ty/eleventy-img] Processing ./src\assets\images\screenshots\ss_wacdsc_defaultport.png (transform)
[11ty/eleventy-img] Processing ./src\assets\images\screenshots\ss_wacdsc_installwiththumbprint.png (transform)
[11ty/eleventy-img] Processing ./src\assets\images\screenshots\ss_o365_setmsoluserpassword.png (transform)
[11ty/eleventy-img] Processing ./src\assets\images\screenshots\ss_o365_getmsoluser.png (transform)
[11ty/eleventy-img] Processing ./src\assets\images\screenshots\ss_o365_getazureaduser1.png (transform)
[11ty/eleventy-img] Processing ./src\assets\images\screenshots\ss_o365_getazureadallforcechangepasswordnextlogin.png (transform)
[11ty/eleventy-img] Processing ./src\assets\images\screenshots\ss_apim_disabletls3des.png (transform)
[11ty/eleventy-img] Processing ./src\assets\images\screenshots\ss_cdb_cosmosdbdataexplorer.png (transform)
[11ty/eleventy-img] Processing ./src\assets\images\screenshots\ss_cdb_cosmosdbinstallmodulecurrentuser.png (transform)
[11ty/eleventy-img] Processing ./src\assets\images\screenshots\ss_cdb_cosmosdbinstallmoduleallusers.png (transform)
[11ty/eleventy-img] Processing ./src\assets\images\screenshots\ss_cdb_cosmosdbnewconnection.png (transform)
[11ty/eleventy-img] Processing ./src\assets\images\screenshots\ss_cdb_cosmosdbnewconnectionviaportal.png (transform)
[11ty/eleventy-img] Processing ./src\assets\images\screenshots\ss_cdb_cosmosdbnewuser.png (transform)
[11ty/eleventy-img] Processing ./src\assets\images\screenshots\ss_cdb_cosmosdbgetusers.png (transform)
[11ty/eleventy-img] Processing ./src\assets\images\screenshots\ss_cdb_cosmosdbgetuser1.png (transform)
[11ty/eleventy-img] Processing ./src\assets\images\screenshots\ss_cdb_cosmosdbremoveuser.png (transform)
[11ty/eleventy-img] Processing ./src\assets\images\screenshots\ss_cdb_cosmosdbnewpermission.png (transform)
[11ty/eleventy-img] Processing ./src\assets\images\screenshots\ss_cdb_cosmosdbgetpermission.png (transform)
[11ty/eleventy-img] Processing ./src\assets\images\screenshots\ss_cdb_cosmosdbremovepermission.png (transform)
[11ty/eleventy-img] Processing ./src\assets\images\screenshots\ss_sqlserver_serverautotuning1.png (transform)
[11ty/eleventy-img] Processing ./src\assets\images\screenshots\ss_sqlserver_databaseautotuning.png (transform)
[11ty/eleventy-img] Processing ./src\assets\images\screenshots\ss_scheduledtask_executiontimelimit.png (transform)
[11ty/eleventy-img] Processing ./src\assets\images\screenshots\ss_vscode_formatdocument.png (transform)
[11ty/eleventy-img] Processing ./src\assets\images\screenshots\ss_vscode_settings1.png (transform)
[11ty/eleventy-img] Processing ./src\assets\images\screenshots\ss_vscode_powershellextension.png (transform)
[11ty/eleventy-img] Processing ./src\assets\images\screenshots\ss_vscode_powershellbadcodeformat.png (transform)
[11ty/eleventy-img] Processing ./src\assets\images\screenshots\ss_vscode_powershellgoodcodeformat.png (transform)
[11ty/eleventy-img] Processing ./src\assets\images\screenshots\ss_azurecloudshell_restartallwebapps.png (transform)
[11ty/eleventy-img] Processing ./src\assets\images\screenshots\ss_azurecloudshell_systemcollections.png (transform)
[11ty/eleventy-img] Processing ./src\assets\images\screenshots\ss_azurecli_installnightlybuild.png (transform)
[11ty/eleventy-img] Processing ./src\assets\images\screenshots\ss_azurecli_installnightlybuildcompete.png (transform)
[11ty/eleventy-img] Processing ./src\assets\images\screenshots\ss_azurecli_interactive.png (transform)
[11ty/eleventy-img] Processing ./src\assets\images\screenshots\ss_apim_gitrepository.png (transform)
[11ty/eleventy-img] Processing ./src\assets\images\screenshots\ss_apim_gitrepositorygeneratecreds.png (transform)
[11ty/eleventy-img] Processing ./src\assets\images\screenshots\ss_apim_gitrepositoryinvoke.png (transform)
[11ty/eleventy-img] Processing ./src\assets\images\screenshots\ss_apim_gitrepositoryclone.png (transform)
[11ty/eleventy-img] Processing ./src\assets\images\screenshots\ss_aci_sonatypenexus2.png (transform)
[11ty/eleventy-img] Processing ./src\assets\images\screenshots\ss_aci_sonatypenexus3.png (transform)
[11ty/eleventy-img] Processing ./src\assets\images\screenshots\ss_aci_jenkins.png (transform)
[11ty/eleventy-img] Processing ./src\assets\images\screenshots\ss_aci_filesrequires1.png (transform)
[11ty/eleventy-img] Processing ./src\assets\images\screenshots\ss_aci_executingscript.png (transform)
[11ty/eleventy-img] Processing ./src\assets\images\screenshots\ss_aci_creategocd.gif (transform)
[11ty/eleventy-img] Processing ./src\assets\images\screenshots\ss_aci_resourcegroup.png (transform)
[11ty/eleventy-img] Processing ./src\assets\images\screenshots\ss_aci_getcontainerip.png (transform)
[11ty/eleventy-img] Processing ./src\assets\images\screenshots\ss_aci_runninggocdserver.png (transform)
[11ty/eleventy-img] Processing ./src\assets\images\screenshots\ss_aci_storageexplorerfileshare.png (transform)
[11ty/eleventy-img] Processing ./src\assets\images\screenshots\ss_webappdeploy_publishazurermwebappproject.png (transform)
[11ty/eleventy-img] Processing ./src\assets\images\screenshots\ss_cert_changefriendlyname.png (transform)
[11ty/eleventy-img] Processing ./src\assets\images\screenshots\ss_cert_changefriendlynamecertlm.png (transform)
[11ty/eleventy-img] Processing ./src\assets\images\screenshots\ss_akv_create.gif (transform)
[11ty/eleventy-img] Processing ./src\assets\images\screenshots\ss_akv_createcompleteportal.png (transform)
[11ty/eleventy-img] Processing ./src\assets\images\screenshots\ss_akv_secretupdatewithparameters.png (transform)
[11ty/eleventy-img] Processing ./src\assets\images\screenshots\ss_akv_secretallhistory.png (transform)
[11ty/eleventy-img] Processing ./src\assets\images\screenshots\ss_ghgi_getgitignoretemplates.png (transform)
[11ty/eleventy-img] Processing ./src\assets\images\screenshots\ss_ghgi_getgitignorefile.png (transform)
[11ty/eleventy-img] Processing ./src\assets\images\screenshots\ss_readpfx_loadingthepfx.png (transform)
[11ty/eleventy-img] Processing ./src\assets\images\screenshots\ss_readpfx_showissuedcertificate.png (transform)
[11ty/eleventy-img] Processing ./src\assets\images\screenshots\ss_readpfx_validateissuedcertificate.png (transform)
[11ty/eleventy-img] Processing ./src\assets\images\screenshots\ss_readpfx_expiredcertificate.png (transform)
[11ty/eleventy-img] Processing ./src\assets\images\screenshots\ss_testssl_pesteroutput.png (transform)
[11ty/eleventy-img] Processing ./src\assets\images\screenshots\ss_ovfoms_installoperationvalidation.png (transform)
[11ty/eleventy-img] Processing ./src\assets\images\screenshots\ss_ovfoms_folderstructure1.png (transform)
[11ty/eleventy-img] Processing ./src\assets\images\screenshots\ss_ovfoms_scheduletask2.png (transform)
[11ty/eleventy-img] Processing ./src\assets\images\screenshots\ss_ovfoms_scheduletaskui1.png (transform)
[11ty/eleventy-img] Processing ./src\assets\images\screenshots\ss_ovfoms_errorevent.png (transform)
[11ty/eleventy-img] Processing ./src\assets\images\screenshots\ss_ovfoms_omsagent1.png (transform)
[11ty/eleventy-img] Processing ./src\assets\images\screenshots\ss_ovfoms_omslogsearch.png (transform)
[11ty/eleventy-img] Processing ./src\assets\images\screenshots\ss_ovfoms_omslogsearchevents.png (transform)
[11ty/eleventy-img] Processing ./src\assets\images\screenshots\ss_ovfoms_omslogsearchsave.png (transform)
[11ty/eleventy-img] Processing ./src\assets\images\screenshots\ss_ovfoms_omslogsearchalert.png (transform)
[11ty/eleventy-img] Processing ./src\assets\images\screenshots\ss_ovfoms_omserroremail.png (transform)
[11ty/eleventy-img] Processing ./src\assets\images\screenshots\ss_dockerdsc_installing.png (transform)
[11ty/eleventy-img] Processing ./src\assets\images\screenshots\ss_dockerdsc_console.png (transform)
[11ty/eleventy-img] Processing ./src\assets\images\screenshots\ss_dockerdsc_consolegetscript.png (transform)
[11ty/eleventy-img] Processing ./src\assets\images\screenshots\ss_dockerdsc_consolerunscriptfromgallery.png (transform)
[11ty/eleventy-img] Processing ./src\assets\images\screenshots\ss_dockerdsc_consoledockerdetails.png (transform)
[11ty/eleventy-img] Processing ./src\assets\images\screenshots\ss_dockerdsc_consoleinstallresources.png (transform)
[11ty/eleventy-img] Processing ./src\assets\images\screenshots\ss_dockerdsc_consoledownloadscript.png (transform)
[11ty/eleventy-img] Processing ./src\assets\images\screenshots\ss_dockerdsc_consolerunscript.png (transform)
[11ty/eleventy-img] Processing ./src\assets\images\screenshots\ss_labbuilder_installmodule.png (transform)
[11ty/eleventy-img] Processing ./src\assets\images\screenshots\ss_labbuilder_createisosandvhdsfolders.png (transform)
[11ty/eleventy-img] Processing ./src\assets\images\screenshots\ss_labbuilder_nanodomainconfig.png (transform)
[11ty/eleventy-img] Processing ./src\assets\images\screenshots\ss_labbuilder_nanodomainconfigexternalswitch.png (transform)
[11ty/eleventy-img] Processing ./src\assets\images\screenshots\ss_labbuilder_isofoldercontents.png (transform)
[11ty/eleventy-img] Processing ./src\assets\images\screenshots\ss_labbuilder_installlabbuilding.png (transform)
[11ty/eleventy-img] Processing ./src\assets\images\screenshots\ss_labbuilder_installlab_hypervvms.png (transform)
[11ty/eleventy-img] Processing ./src\assets\images\screenshots\ss_labbuilder_installlab_domainlogin.png (transform)
[11ty/eleventy-img] Processing ./src\assets\images\screenshots\ss_hqrmreview_gethelpbad.png (transform)
[11ty/eleventy-img] Processing ./src\assets\images\screenshots\ss_hqrmreview_gethelpgood.png (transform)
[11ty/eleventy-img] Processing ./src\assets\images\screenshots\ss_hqrmreview_exampledescriptionbad.png (transform)
[11ty/eleventy-img] Processing ./src\assets\images\screenshots\ss_hqrmreview_exampledescriptiongood.png (transform)
[11ty/eleventy-img] Processing ./src\assets\images\screenshots\ss_hqrmreview_testheaderbad.png (transform)
[11ty/eleventy-img] Processing ./src\assets\images\screenshots\ss_hqrmreview_testheadergood.png (transform)
[11ty/eleventy-img] Processing ./src\assets\images\screenshots\ss_hqrmreview_localparameterbad.png (transform)
[11ty/eleventy-img] Processing ./src\assets\images\screenshots\ss_hqrmreview_localparametergood.png (transform)
[11ty/eleventy-img] Processing ./src\assets\images\screenshots\ss_hqrmreview_localizationbad.png (transform)
[11ty/eleventy-img] Processing ./src\assets\images\screenshots\ss_hqrmreview_localizationgood.png (transform)
[11ty/eleventy-img] Processing ./src\assets\images\screenshots\ss_hqrmreview_codeofconductbad.png (transform)
[11ty/eleventy-img] Processing ./src\assets\images\screenshots\ss_hqrmreview_codeofconductgood.png (transform)
[11ty/eleventy-img] Processing ./src\assets\images\screenshots\ss_hqrmreview_localizationdatabad.png (transform)
[11ty/eleventy-img] Processing ./src\assets\images\screenshots\ss_hqrmreview_localizationdatagood.png (transform)
[11ty/eleventy-img] Processing ./src\assets\images\screenshots\ss_docker_startserviceerror.png (transform)
[11ty/eleventy-img] Processing ./src\assets\images\screenshots\ss_docker_startserviceerror_eventlog.png (transform)
[11ty/eleventy-img] Processing ./src\assets\images\screenshots\ss_docker_startservice_uninstalldevice.png (transform)
[11ty/eleventy-img] Processing ./src\assets\images\screenshots\ss_docker_startservice_dockerstarts.png (transform)
[11ty/eleventy-img] Processing ./src\assets\images\screenshots\ss_verticalruler_visualstudiocode.png (transform)
[11ty/eleventy-img] Processing ./src\assets\images\screenshots\ss_verticalruler_visualstudiocodemenu.png (transform)
[11ty/eleventy-img] Processing ./src\assets\images\screenshots\ss_verticalruler_visualstudiocodesettings.png (transform)
[11ty/eleventy-img] Processing ./src\assets\images\screenshots\ss_verticalruler_visualstudiocodesettingsrulers.png (transform)
[11ty/eleventy-img] Processing ./src\assets\images\screenshots\ss_verticalruler_isesteroidsmenu.png (transform)
[11ty/eleventy-img] Processing ./src\assets\images\screenshots\ss_verticalruler_isesteroidsverticalguidebutton.png (transform)
[11ty/eleventy-img] Processing ./src\assets\images\screenshots\ss_verticalruler_isesteroidsruleradded.png (transform)
[11ty/eleventy-img] Processing ./src\assets\images\screenshots\ss_azuresmt_nanoserverupdate1.png (transform)
[11ty/eleventy-img] Processing ./src\assets\images\screenshots\ss_azuresmt_nanoserverupdatecomplete.png (transform)
[11ty/eleventy-img] Processing ./src\assets\images\screenshots\ss_updatenano_updatesavailable.png (transform)
[11ty/eleventy-img] Processing ./src\assets\images\screenshots\ss_updatenano_updatesinstalled.png (transform)
[11ty/eleventy-img] Processing ./src\assets\images\screenshots\ss_updatenano_updatesinstalledrestart.png (transform)
[11ty/eleventy-img] Processing ./src\assets\images\screenshots\ss_virtualnat_diagram3.png (transform)
[11ty/eleventy-img] Processing ./src\assets\images\screenshots\ss_xdfs_releasepsgallery.png (transform)
[11ty/eleventy-img] Processing ./src\assets\images\screenshots\ss_nanotp5_packagelist.png (transform)
[11ty/eleventy-img] Processing ./src\assets\images\screenshots\ss_vmwareinhv_proof.png (transform)
[11ty/eleventy-img] Processing ./src\assets\images\screenshots\ss_vmwareinhv_neededfiles.png (transform)
[11ty/eleventy-img] Processing ./src\assets\images\screenshots\ss_vmwareinhv_createesxiiso.png (transform)
[11ty/eleventy-img] Processing ./src\assets\images\screenshots\ss_vmwareinhv_neededfilesandiso.png (transform)
[11ty/eleventy-img] Processing ./src\assets\images\screenshots\ss_vmwareinhv_newvmpath.png (transform)
[11ty/eleventy-img] Processing ./src\assets\images\screenshots\ss_vmwareinhv_newvmmemory.png (transform)
[11ty/eleventy-img] Processing ./src\assets\images\screenshots\ss_vmwareinhv_newvmdisk.png (transform)
[11ty/eleventy-img] Processing ./src\assets\images\screenshots\ss_vmwareinhv_newvminstallation.png (transform)
[11ty/eleventy-img] Processing ./src\assets\images\screenshots\ss_vmwareinhv_newvm.png (transform)
[11ty/eleventy-img] Processing ./src\assets\images\screenshots\ss_vmwareinhv_vmsettings_processor.png (transform)
[11ty/eleventy-img] Processing ./src\assets\images\screenshots\ss_vmwareinhv_vmsettings_removenetwork.png (transform)
[11ty/eleventy-img] Processing ./src\assets\images\screenshots\ss_vmwareinhv_vmsettings_addnetwork.png (transform)
[11ty/eleventy-img] Processing ./src\assets\images\screenshots\ss_vmwareinhv_vmsettings_addlegacy.png (transform)
[11ty/eleventy-img] Processing ./src\assets\images\screenshots\ss_nano_availablemodulescim.png (transform)
[11ty/eleventy-img] Processing ./src\assets\images\screenshots\ss_isns_guiinitiatorconfig.png (transform)
[11ty/eleventy-img] Processing ./src\assets\images\screenshots\ss_isns_getlistservers.png (transform)
[11ty/eleventy-img] Processing ./src\assets\images\screenshots\ss_cloneable_nolonemethoderror.png (transform)
[11ty/eleventy-img] Processing ./src\assets\images\screenshots\ss_cloneable_classclonemethodnotimplementederror.png (transform)
[11ty/eleventy-img] Processing ./src\assets\images\screenshots\ss_devconchoco_filestructure.png (transform)
[11ty/eleventy-img] Processing ./src\assets\images\screenshots\ss_devconchoco_appveyorciartifacts.png (transform)
[11ty/eleventy-img] Processing ./src\assets\images\screenshots\ss_dsc_inttestfiles1.png (transform)
[11ty/eleventy-img] Processing ./src\assets\images\screenshots\ss_dsc_inttestfolders.png (transform)
[11ty/eleventy-img] Processing ./src\assets\images\screenshots\ss_dsc_inttesttemplatesrepo.png (transform)
[11ty/eleventy-img] Processing ./src\assets\images\screenshots\ss_dsc_createnewinttestfromtemplate.png (transform)
[11ty/eleventy-img] Processing ./src\assets\images\screenshots\ss_dsc_newinttestconfigtemplate1.png (transform)
[11ty/eleventy-img] Processing ./src\assets\images\screenshots\ss_dsc_newinttesttemplate1.png (transform)
[11ty/eleventy-img] Processing ./src\assets\images\screenshots\ss_dsc_inttestsheader.png (transform)
[11ty/eleventy-img] Processing ./src\assets\images\screenshots\ss_dsc_inttestsvalidate.png (transform)
[11ty/eleventy-img] Processing ./src\assets\images\screenshots\ss_iscsi_measuregetiscsivirtualdisk.png (transform)
[11ty/eleventy-img] Processing ./src\assets\images\screenshots\ss_iscsi_measuregetiscsivirtualdisklocalhost.png (transform)
[11ty/eleventy-img] Processing ./src\assets\images\screenshots\ss_iscsi_getiscsivirtualdisklocalhost.png (transform)
[11ty/eleventy-img] Processing ./src\assets\images\screenshots\ss_iscsi_measureiscsivirtualdisklocalcomputer.png (transform)
[11ty/eleventy-img] Processing ./src\assets\images\screenshots\ss_iscsi_gettargetportal.png (transform)
[11ty/eleventy-img] Processing ./src\assets\images\screenshots\ss_iscsi_removetargetportal1.png (transform)
[11ty/eleventy-img] Processing ./src\assets\images\screenshots\ss_iscsi_removetargetportal2.png (transform)
[11ty/eleventy-img] Processing ./src\assets\images\screenshots\ss_iscsi_removetargetportalcorrect.png (transform)
[11ty/eleventy-img] Processing ./src\assets\images\screenshots\ss_vscode_markdownextensions.png (transform)
[11ty/eleventy-img] Processing ./src\assets\images\screenshots\ss_vscode_previewbutton.png (transform)
[11ty/eleventy-img] Processing ./src\assets\images\screenshots\ss_vscode_preview.png (transform)
[11ty/eleventy-img] Processing ./src\assets\images\screenshots\ss_vscode_splitpreview.png (transform)
[11ty/eleventy-img] Processing ./src\assets\images\screenshots\ss_dsc_testfolders.png (transform)
[11ty/eleventy-img] Processing ./src\assets\images\screenshots\ss_dsc_examplesfolder.png (transform)
[11ty/eleventy-img] Processing ./src\assets\images\screenshots\ss_dsc_examples.png (transform)
[11ty/eleventy-img] Processing ./src\assets\images\screenshots\ss_github_watch.png (transform)
[11ty/eleventy-img] Processing ./src\assets\images\screenshots\ss_dsc_newresourcefolder.png (transform)
[11ty/eleventy-img] Processing ./src\assets\images\screenshots\ss_powershell_findmoduletagdsc.png (transform)
[11ty/eleventy-img] Processing ./src\assets\images\screenshots\ss_ps_getbiosguid.png (transform)
[11ty/eleventy-img] Processing ./src\assets\images\screenshots\ss_vscode_powershell.png (transform)
[11ty/eleventy-img] Processing ./src\assets\images\screenshots\ss_powershelldirect_errormessage.png (transform)
[11ty/eleventy-img] Processing ./src\assets\images\screenshots\ss_certificate_selfsignedbad.png (transform)
[11ty/eleventy-img] Processing ./src\assets\images\screenshots\ss_dsc_decryptionfailed.png (transform)
[11ty/eleventy-img] Processing ./src\assets\images\screenshots\ss_dsc_badmofversion.png (transform)
[11ty/eleventy-img] Processing ./src\assets\images\screenshots\ss_dsc_howtofixmoduleversion.png (transform)
[11ty/eleventy-img] Processing ./src\assets\images\screenshots\ss_firewall_rulegroupdisplaygroup.png (transform)
[11ty/eleventy-img] Processing ./src\assets\images\screenshots\ss_firewall_groupwfasui.png (transform)
[11ty/eleventy-img] Processing ./src\assets\images\screenshots\ss_firewall_ruledll.png (transform)
[11ty/eleventy-img] Processing ./src\assets\images\screenshots\ss_firewall_ruleuniversalapp.png (transform)
[11ty/eleventy-img] Processing ./src\assets\images\screenshots\ss_firewall_rulepredefined.png (transform)
[11ty/eleventy-img] Processing ./src\assets\images\screenshots\ss_video_nanoservercontainers.png (transform)
[11ty/eleventy-img] Processing ./src\assets\images\screenshots\ss_ip_dhcpmisreported.png (transform)
[11ty/eleventy-img] Processing ./src\assets\images\screenshots\ss_dfs_installmanagementtools.png (transform)
[11ty/eleventy-img] Processing ./src\assets\images\screenshots\ss_wsman_nomoretrustedhosts.png (transform)
[11ty/eleventy-img] Processing ./src\assets\images\screenshots\ss_nap_windows10gpedit.png (transform)
[11ty/eleventy-img] Processing ./src\assets\images\screenshots\ss_gpo_httpswsmanlistener.png (transform)
[11ty/eleventy-img] Processing ./src\assets\images\screenshots\ss_new_powershell_icon1.png (transform)
[11ty/eleventy-img] Processing ./src\assets\images\screenshots\ss_powershell_switchgremlin.png (transform)
[11ty/eleventy-img] Processing ./src\assets\images\screenshots\ss_docker_detatchedbutrunningcontainer.png (transform)
[11ty/eleventy-img] Processing ./src\assets\images\screenshots\ss_nano_containers_creatingadhcpswitch.png (transform)
[11ty/eleventy-img] Processing ./src\assets\images\screenshots\ss_nano_containerinstallingos.png (transform)
[11ty/eleventy-img] Processing ./src\assets\images\screenshots\ss_nano_container_images_content.png (transform)
[11ty/eleventy-img] Processing ./src\assets\images\screenshots\ss_nano_container_image_files.png (transform)
[11ty/eleventy-img] Processing ./src\assets\images\screenshots\ss_nano_container_image_hives.png (transform)
[11ty/eleventy-img] Processing ./src\assets\images\screenshots\ss_nano_container_image_metadata.png (transform)
[11ty/eleventy-img] Processing ./src\assets\images\screenshots\ss_nano_containers_installedall.png (transform)
[11ty/eleventy-img] Processing ./src\assets\images\screenshots\ss_nano_containers_testcontainers.png (transform)
[11ty/eleventy-img] Processing ./src\assets\images\screenshots\ss_nano_containers_newcontainerfailure.png (transform)
[11ty/eleventy-img] Processing ./src\assets\images\screenshots\ss_nano_containers_firstcontainer.png (transform)
[11ty/eleventy-img] Processing ./src\assets\images\screenshots\ss_nano_containers_startupfailure.png (transform)
[11ty/eleventy-img] Processing ./src\assets\images\screenshots\ss_nano_containers_containerfiles.png (transform)
[11ty/eleventy-img] Processing ./src\assets\images\screenshots\ss_nano_containerhostworking.png (transform)
[11ty/eleventy-img] Processing ./src\assets\images\screenshots\ss_nano_containerfromcore.png (transform)
[11ty/eleventy-img] Processing ./src\assets\images\screenshots\ss_nano_containers.png (transform)
[11ty/eleventy-img] Processing ./src\assets\images\screenshots\ss_vs_pestertestconfigsample.png (transform)
[11ty/eleventy-img] Processing ./src\assets\images\screenshots\ss_vs_pestertest_object_comparison.png (transform)
[11ty/eleventy-img] Processing ./src\assets\images\screenshots\ss_vs_pestertest_inline_json1.png (transform)
[11ty/eleventy-img] Processing ./src\assets\images\screenshots\ss_vs_pestertest_inline_json_good.png (transform)
[11ty/eleventy-img] Processing ./src\assets\images\screenshots\ss_vs_pestertest_inline_json_bad.png (transform)
[11ty/eleventy-img] Processing ./src\assets\images\screenshots\ss_nanoserver_tp3.png (transform)
[11ty/eleventy-img] Processing ./src\assets\images\screenshots\ss_nanoserver_authenticate.png (transform)
[11ty/eleventy-img] Processing ./src\assets\images\screenshots\ss_powershell_uninstallcomms.png (transform)
[11ty/eleventy-img] Processing ./src\assets\images\screenshots\ss_powershell_uninstallcommsdeletefiles.png (transform)
[11ty/eleventy-img] Processing ./src\assets\images\screenshots\ss_powershell_reinstallcomms.png (transform)
[11ty/eleventy-img] Processing ./src\assets\images\screenshots\ss_nano_listofpowershellmodules.png (transform)
[11ty/eleventy-img] Processing ./src\assets\images\screenshots\ss_nano_listofmanagmentcmdlets.png (transform)
[11ty/eleventy-img] Processing ./src\assets\images\screenshots\ss_vhdcmdleterror_hypervrolemissing.png (transform)
[11ty/eleventy-img] Processing ./src\assets\images\screenshots\ss_microsoft_update_catalogue_windows_management_framework.png (transform)
[11ty/eleventy-img] Processing ./src\assets\images\screenshots\ss_gpo_installwmf5.png (transform)
[11ty/eleventy-img] Processing ./src\assets\images\screenshots\ss_gpo_installwmf5_startup.png (transform)
[11ty/eleventy-img] Processing ./src\assets\images\screenshots\ss_gpo_installwmf5_startuppsscripts.png (transform)
[11ty/eleventy-img] Processing ./src\assets\images\screenshots\ss_gpo_installwmf5_startuppsscripts_folder.png (transform)
[11ty/eleventy-img] Processing ./src\assets\images\screenshots\ss_gpo_installwmf5_startuppsscripts_details.png (transform)
[11ty/eleventy-img] Processing ./src\assets\images\screenshots\ss_gpo_startuppowershellscriptparametersexample.png (transform)
[11ty/eleventy-img] Processing ./src\assets\images\screenshots\ss_wsus_definitionupdates.png (transform)
[11ty/eleventy-img] Processing ./src\assets\images\screenshots\ss_nano_building_error_wrong_volume.png (transform)
[11ty/eleventy-img] Processing ./src\assets\images\screenshots\ss_nano_login.png (transform)
[11ty/eleventy-img] Processing ./src\assets\images\screenshots\ss_hyperv_nano_booting.png (transform)
[11ty/eleventy-img] Processing ./src\assets\images\screenshots\ss_eventviewer.png (transform)
[11ty/eleventy-img] Processing ./src\assets\images\screenshots\ss_events_archived.png (transform)
[11ty/eleventy-img] Processing ./src\assets\images\screenshots\ss_hyperv_compactvhd.png (transform)
[11ty/eleventy-img] Processing ./src\assets\images\screenshots\ss_hyperv_optimize-vhdsworkflow_process.png (transform)
[11ty/eleventy-img] Processing ./src\assets\images\screenshots\ss_gpo_startupscript_ps_install_msoffice.png (transform)
[11ty/eleventy-img] Processing ./src\assets\images\screenshots\ss_gpmc_new_gpo.png (transform)
[11ty/eleventy-img] Processing ./src\assets\images\screenshots\ss_gpmc_new_gpo_name.png (transform)
[11ty/eleventy-img] Processing ./src\assets\images\screenshots\ss_gpmc_gpo_edit.png (transform)
[11ty/eleventy-img] Processing ./src\assets\images\screenshots\ss_gpmc_edit_startup_script.png (transform)
[11ty/eleventy-img] Processing ./src\assets\images\screenshots\ss_gpmc_startup_properties_scripts.png (transform)
[11ty/eleventy-img] Processing ./src\assets\images\screenshots\ss_gpmc_startup_powershell_scripts.png (transform)
[11ty/eleventy-img] Processing ./src\assets\images\screenshots\ss_gpmc_startup_powershell_addascript.png (transform)
[11ty/eleventy-img] Processing ./src\assets\images\screenshots\ss_gpmc_startup_scripts_location.png (transform)
[11ty/eleventy-img] Processing ./src\assets\images\screenshots\ss_gpmc_startup_powershell_script_properties.png (transform)
[11ty/eleventy-img] Processing ./src\assets\images\screenshots\ss_gpmc_startup_powershell_scrpts_configured.png (transform)
[11ty/eleventy-img] Processing ./src\assets\images\screenshots\ss_cs_advancedcertificaterequest_ok.png (transform)
[11ty/eleventy-img] Processing ./src\assets\images\screenshots\ss_cs_advancedcertificateqrequest_sslerror.png (transform)
[11ty/eleventy-img] Processing ./src\assets\images\screenshots\ss_cs_advancedcertificateqrequest_aftererror.png (transform)
[11ty/eleventy-img] Processing ./src\assets\images\screenshots\ss_cs_advancedcertificateqrequest_certificatechain.png (transform)
[11ty/eleventy-img] Processing ./src\assets\images\screenshots\ss_cs_advancedcertificateqrequest_internetexplorersettings.png (transform)
[11ty/eleventy-img] Processing ./src\assets\images\screenshots\ss_cs_advancedcertificateqrequest_ietrustedsites.png (transform)
[11ty/eleventy-img] Processing ./src\assets\images\screenshots\ss_cs_advancedcertificateqrequest_trustthissite.png (transform)
[11ty/eleventy-img] Processing ./src\assets\images\screenshots\ss_cs_advancedcertificateqrequest_workingcorrectly.png (transform)
[11ty/eleventy-img] Processing ./src\assets\images\screenshots\ss_installfeature_desktopexperience.png (transform)
[11ty/eleventy-img] Processing ./src\assets\images\screenshots\ss_installfeature_specifyanalternatesourcepath.png (transform)
[11ty/eleventy-img] Processing ./src\assets\images\screenshots\ss_windowsfeature_desktopexperienceremoved.png (transform)
[11ty/eleventy-img] Processing ./src\assets\images\screenshots\ss_installfeature_failed.png (transform)
[11ty/eleventy-img] Processing ./src\assets\images\screenshots\ss_installfeature_alternatesourcewim.png (transform)
[11ty/eleventy-img] Processing ./src\assets\images\screenshots\ss_installfeature_alternatesourceshare.png (transform)
[11ty/eleventy-img] Processing ./src\assets\images\screenshots\ss_installfeature_powershellfailed.png (transform)
[11ty/eleventy-img] Processing ./src\assets\images\screenshots\ss_installfeature_dismsuccess.png (transform)
[11ty/eleventy-img] Processing ./src\assets\images\screenshots\ss_installfeature_dismfailure2.png (transform)
[11ty/eleventy-img] Processing ./src\assets\images\screenshots\ss_dism_spsuperseded.png (transform)
[11ty/eleventy-img] Processing ./src\assets\images\screenshots\ss_dism_startcomponentcleanup_resetbase.png (transform)
[11ty/eleventy-img] Processing ./src\assets\images\screenshots\ss_psfeaturesondemandremovalprogress.png (transform)
[11ty/eleventy-img] Processing ./src\assets\images\screenshots\ss_psfeaturesondemandremovalcomplete.png (transform)
[11ty/eleventy-img] Processing ./src\assets\images\screenshots\ss_sconfig1.png (transform)
[11ty/eleventy-img] Processing ./src\assets\images\screenshots\ss_corefig1.png (transform)
[11ty/eleventy-img] Processing ./src\assets\images\screenshots\ss_github_settings_create_copilot_environment.gif (transform)
[11ty/eleventy-img] Processing ./src\assets\images\screenshots\ss_entra_id_create_app_registration_for_coding_agent.png (transform)
[11ty/eleventy-img] Processing ./src\assets\images\screenshots\ss_entra_id_copy_app_registration_details.png (transform)
[11ty/eleventy-img] Processing ./src\assets\images\screenshots\ss_entra_id_create_github_federated_credential_for_coding_agent.gif (transform)
[11ty/eleventy-img] Processing ./src\assets\images\screenshots\ss_never_give_ai_access_to_production.jpg (transform)
[11ty/eleventy-img] Processing ./src\assets\images\screenshots\ss_github_coding_agent_run_copilot_setup_steps.png (transform)
[11ty/eleventy-img] Processing ./src\assets\images\screenshots\ss_github_copilot_coding_agent_azure_mcp_setup.png (transform)
[11ty/eleventy-img] Processing ./src\assets\images\screenshots\ss_github_coding_agent_create_assign_issue.gif (transform)
[11ty/eleventy-img] Processing ./src\assets\images\screenshots\ss_github_coding_agent_completed_azure_resource_groups.gif (transform)
[11ty/eleventy-img] Processing ./src\assets\images\screenshots\ss_foundryvtt_deploy.png (transform)
[11ty/eleventy-img] Processing ./src\assets\images\screenshots\ss_azdopipelinecontrols_pipelineyaml.png (transform)
[11ty/eleventy-img] Processing ./src\assets\images\screenshots\ss_azdopipelinecontrols_pipelinetriggers.png (transform)
[11ty/eleventy-img] Processing ./src\assets\images\screenshots\ss_azdopipelinecontrols_branchpolicy.png (transform)
[11ty/eleventy-img] Processing ./src\assets\images\screenshots\ss_azdopipelinecontrols_gitmaliciousbranch.png (transform)
[11ty/eleventy-img] Processing ./src\assets\images\screenshots\ss_azdopipelinecontrols_gitmaliciousbranchruns.png (transform)
[11ty/eleventy-img] Processing ./src\assets\images\screenshots\ss_azdopipelinecontrols_maliciouspipelinelogs.png (transform)
[11ty/eleventy-img] Processing ./src\assets\images\screenshots\ss_azdopipelinecontrols_overridetriggers.png (transform)
[11ty/eleventy-img] Processing ./src\assets\images\screenshots\ss_azdopipelinecontrols_azurekeyvaultsecrets.png (transform)
[11ty/eleventy-img] Processing ./src\assets\images\screenshots\ss_azdopipelinecontrols_azurekeyvaultserviceconnection.png (transform)
[11ty/eleventy-img] Processing ./src\assets\images\screenshots\ss_azdopipelinecontrols_azurekeyvaultserviceconnectionpermissions.png (transform)
[11ty/eleventy-img] Processing ./src\assets\images\screenshots\ss_azdopipelinecontrols_azurekeyvaultserviceconnectionapprovals.png (transform)
[11ty/eleventy-img] Processing ./src\assets\images\screenshots\ss_azdopipelinecontrols_approvalsandchecks.png (transform)
[11ty/eleventy-img] Processing ./src\assets\images\screenshots\ss_azdopipelinecontrols_keyvaultqachecks.png (transform)
[11ty/eleventy-img] Processing ./src\assets\images\screenshots\ss_azdopipelinecontrols_branchcontrol.png (transform)
[11ty/eleventy-img] Processing ./src\assets\images\screenshots\ss_azdopipelinecontrols_keyvaultprodchecks.png (transform)
[11ty/eleventy-img] Processing ./src\assets\images\screenshots\ss_azdopipelinecontrols_keyvaultapproval.png (transform)
[11ty/eleventy-img] Processing ./src\assets\images\screenshots\ss_azdopipelinecontrols_variablegroups.png (transform)
[11ty/eleventy-img] Processing ./src\assets\images\screenshots\ss_azdopipelinecontrols_variablegroupsecrets.png (transform)
[11ty/eleventy-img] Processing ./src\assets\images\screenshots\ss_azdopipelinecontrols_pipelinerequestpermit.png (transform)
[11ty/eleventy-img] Processing ./src\assets\images\screenshots\ss_azdopipelinecontrols_productionserviceconnectionapprovals.png (transform)
[11ty/eleventy-img] Processing ./src\assets\images\screenshots\ss_azdopipelinecontrols_serviceconnectionsecurity.png (transform)
[11ty/eleventy-img] Processing ./src\assets\images\screenshots\ss_azdopipelinecontrols_multiapproval.png (transform)
[11ty/eleventy-img] Processing ./src\assets\images\screenshots\ss_azdopipelinecontrols_environments.png (transform)
[11ty/eleventy-img] Processing ./src\assets\images\screenshots\ss_azdopipelinecontrols_environmentpermissions.png (transform)
[11ty/eleventy-img] Processing ./src\assets\images\screenshots\ss_azdopipelinecontrols_environmentapprovals.png (transform)
[11ty/eleventy-img] Processing ./src\assets\images\screenshots\ss_azdopipelinecontrols_yamlwithvariablesandenvrionment.png (transform)
[11ty/eleventy-img] Processing ./src\assets\images\screenshots\ss_azdopipelinecontrols_environmentdeployments.png (transform)
[11ty/eleventy-img] Processing ./src\assets\images\screenshots\ss_azdopipelinecontrols_successfullyblockedmaliciousbuild.png (transform)
[11ty/eleventy-img] Processing ./src\assets\images\screenshots\ss_azdopipelinecontrols_approverallowed.png (transform)
[11ty/eleventy-img] Processing ./src\assets\images\screenshots\ss_azdopipelinecontrols_approverallowedtoprod.png (transform)
[11ty/eleventy-img] Processing ./src\assets\images\screenshots\ss_azdopipelinecontrols_notifications.png (transform)
[11ty/eleventy-img] Processing ./src\assets\images\screenshots\ss_containermonitoring_azurearc.png (transform)
[11ty/eleventy-img] Processing ./src\assets\images\screenshots\ss_containermonitoring_containermonitorsolution.png (transform)
[11ty/eleventy-img] Processing ./src\assets\images\screenshots\ss_containermonitoring_configureperformancecounterfrequency.png (transform)
[11ty/eleventy-img] Processing ./src\assets\images\screenshots\ss_containermonitoring_cloudshelldownloadscriptgenerator.png (transform)
[11ty/eleventy-img] Processing ./src\assets\images\screenshots\ss_containermonitoring_cloudshellgeneratescript.png (transform)
[11ty/eleventy-img] Processing ./src\assets\images\screenshots\ss_containermonitoring_onboardmachinetoarc.gif (transform)
[11ty/eleventy-img] Processing ./src\assets\images\screenshots\ss_containermonitoring_cloudshellonboardedok.png (transform)
[11ty/eleventy-img] Processing ./src\assets\images\screenshots\ss_containermonitoring_azurearconboarded.png (transform)
[11ty/eleventy-img] Processing ./src\assets\images\screenshots\ss_containermonitoring_installingmmaextension.png (transform)
[11ty/eleventy-img] Processing ./src\assets\images\screenshots\ss_containermonitoring_mmaonboarded.png (transform)
[11ty/eleventy-img] Processing ./src\assets\images\screenshots\ss_containermonitoring_loganalyticsheartbeat.png (transform)
[11ty/eleventy-img] Processing ./src\assets\images\screenshots\ss_containermonitoring_customscriptcreating-1.png (transform)
[11ty/eleventy-img] Processing ./src\assets\images\screenshots\ss_containermonitoring_customscriptsucceeded.png (transform)
[11ty/eleventy-img] Processing ./src\assets\images\screenshots\ss_containermonitoring_omsagentrunning.png (transform)
[11ty/eleventy-img] Processing ./src\assets\images\screenshots\ss_containermonitoring_loganalyticsadvancedsettings.png (transform)
[11ty/eleventy-img] Processing ./src\assets\images\screenshots\ss_containermonitoring_loganalyticsconfigperf.png (transform)
[11ty/eleventy-img] Processing ./src\assets\images\screenshots\ss_containermonitoring_loganalyticscontainersolution.png (transform)
[11ty/eleventy-img] Processing ./src\assets\images\screenshots\ss_containermonitoring_containermonitoring.gif (transform)
